// Jest Snapshot v1, https://goo.gl/fbAQLP

exports[`LoadingSpinner component should render LoadingSpinner 1`] = `ShallowWrapper {}`;
